// Jest Snapshot v1, https://goo.gl/fbAQLP

exports[`finished renders as expected 1`] = `
<div
  className="finishedTitle"
>
  <style
    dangerouslySetInnerHTML={
      Object {
        "__html": ".css-1kwglvz-MuiTypography-root{margin:0;font-family:\\"Roboto\\",\\"Helvetica\\",\\"Arial\\",sans-serif;font-weight:400;font-size:1rem;line-height:1.5;letter-spacing:0.00938em;padding:0px;display:-webkit-box;display:-webkit-flex;display:-ms-flexbox;display:flex;-webkit-flex-direction:column;-ms-flex-direction:column;flex-direction:column;-webkit-align-items:center;-webkit-box-align:center;-ms-flex-align:center;align-items:center;}",
      }
    }
    data-emotion="css 1kwglvz-MuiTypography-root"
  />
  <span
    className="MuiTypography-root MuiTypography-body1 css-1kwglvz-MuiTypography-root"
  >
    <h2>
      Finished!
    </h2>
  </span>
</div>
`;
